// Jest Snapshot v1, https://goo.gl/fbAQLP

exports[`renders correctly 1`] = `
<button
  data-testid="button"
>
  Hello
</button>
`;
