// Jest Snapshot v1, https://goo.gl/fbAQLP

exports[`Renders Sign up 1`] = `
<div
  className="MuiGrid-root MuiGrid-container MuiGrid-spacing-xs-1"
>
  <div
    className="MuiGrid-root MuiGrid-container MuiGrid-spacing-xs-1 MuiGrid-item MuiGrid-grid-xs-4"
  />
  <div
    className="MuiGrid-root MuiGrid-container MuiGrid-spacing-xs-7 MuiGrid-item MuiGrid-direction-xs-column MuiGrid-grid-xs-4"
  >
    <img
      alt="Logo"
      src="bindy-logo-white.png"
    />
    <div
      className="MuiGrid-root MuiGrid-container MuiGrid-spacing-xs-1 MuiGrid-align-items-xs-center"
    >
      <div
        className="MuiGrid-root MuiGrid-item MuiGrid-grid-xs-6"
      >
        <label
          className="MuiFormLabel-root MuiInputLabel-root MuiInputLabel-animated"
          htmlFor="label"
        >
          Username
        </label>
      </div>
      <div
        className="MuiGrid-root MuiGrid-item MuiGrid-grid-xs-6"
      >
        <div
          className="MuiFormControl-root MuiTextField-root MuiFormControl-fullWidth"
        >
          <div
            className="MuiInputBase-root MuiOutlinedInput-root MuiInputBase-fullWidth MuiInputBase-formControl MuiInputBase-marginDense MuiOutlinedInput-marginDense"
            onClick={[Function]}
          >
            <input
              aria-invalid={false}
              autoFocus={false}
              className="MuiInputBase-input MuiOutlinedInput-input MuiInputBase-inputMarginDense MuiOutlinedInput-inputMarginDense"
              disabled={false}
              id="input"
              onAnimationStart={[Function]}
              onBlur={[Function]}
              onChange={[Function]}
              onFocus={[Function]}
              required={false}
              type="text"
            />
            <fieldset
              aria-hidden={true}
              className="PrivateNotchedOutline-root-1 MuiOutlinedInput-notchedOutline"
              style={
                Object {
                  "paddingLeft": 8,
                }
              }
            >
              <legend
                className="PrivateNotchedOutline-legend-2"
                style={
                  Object {
                    "width": 0.01,
                  }
                }
              >
                <span
                  dangerouslySetInnerHTML={
                    Object {
                      "__html": "&#8203;",
                    }
                  }
                />
              </legend>
            </fieldset>
          </div>
        </div>
      </div>
    </div>
    <div
      className="MuiGrid-root MuiGrid-container MuiGrid-spacing-xs-1 MuiGrid-align-items-xs-center"
    >
      <div
        className="MuiGrid-root MuiGrid-item MuiGrid-grid-xs-6"
      >
        <label
          className="MuiFormLabel-root MuiInputLabel-root MuiInputLabel-animated"
          htmlFor="label"
        >
          Date of Birth
        </label>
      </div>
      <div
        className="MuiGrid-root MuiGrid-item MuiGrid-grid-xs-6"
      >
        <div
          className="MuiFormControl-root MuiTextField-root MuiFormControl-fullWidth"
        >
          <div
            className="MuiInputBase-root MuiOutlinedInput-root MuiInputBase-fullWidth MuiInputBase-formControl MuiInputBase-marginDense MuiOutlinedInput-marginDense"
            onClick={[Function]}
          >
            <input
              aria-invalid={false}
              autoFocus={false}
              className="MuiInputBase-input MuiOutlinedInput-input MuiInputBase-inputMarginDense MuiOutlinedInput-inputMarginDense"
              disabled={false}
              id="input"
              onAnimationStart={[Function]}
              onBlur={[Function]}
              onChange={[Function]}
              onFocus={[Function]}
              required={false}
              type="text"
            />
            <fieldset
              aria-hidden={true}
              className="PrivateNotchedOutline-root-1 MuiOutlinedInput-notchedOutline"
              style={
                Object {
                  "paddingLeft": 8,
                }
              }
            >
              <legend
                className="PrivateNotchedOutline-legend-2"
                style={
                  Object {
                    "width": 0.01,
                  }
                }
              >
                <span
                  dangerouslySetInnerHTML={
                    Object {
                      "__html": "&#8203;",
                    }
                  }
                />
              </legend>
            </fieldset>
          </div>
        </div>
      </div>
    </div>
    <div
      className="MuiGrid-root MuiGrid-container MuiGrid-spacing-xs-1 MuiGrid-align-items-xs-center"
    >
      <div
        className="MuiGrid-root MuiGrid-item MuiGrid-grid-xs-6"
      >
        <label
          className="MuiFormLabel-root MuiInputLabel-root MuiInputLabel-animated"
          htmlFor="label"
        >
          Gender
        </label>
      </div>
      <div
        className="MuiGrid-root MuiGrid-item MuiGrid-grid-xs-6"
      >
        <div
          className="MuiFormControl-root MuiTextField-root MuiFormControl-fullWidth"
        >
          <div
            className="MuiInputBase-root MuiOutlinedInput-root MuiInputBase-fullWidth MuiInputBase-formControl MuiInputBase-marginDense MuiOutlinedInput-marginDense"
            onClick={[Function]}
          >
            <input
              aria-invalid={false}
              autoFocus={false}
              className="MuiInputBase-input MuiOutlinedInput-input MuiInputBase-inputMarginDense MuiOutlinedInput-inputMarginDense"
              disabled={false}
              id="input"
              onAnimationStart={[Function]}
              onBlur={[Function]}
              onChange={[Function]}
              onFocus={[Function]}
              required={false}
              type="text"
            />
            <fieldset
              aria-hidden={true}
              className="PrivateNotchedOutline-root-1 MuiOutlinedInput-notchedOutline"
              style={
                Object {
                  "paddingLeft": 8,
                }
              }
            >
              <legend
                className="PrivateNotchedOutline-legend-2"
                style={
                  Object {
                    "width": 0.01,
                  }
                }
              >
                <span
                  dangerouslySetInnerHTML={
                    Object {
                      "__html": "&#8203;",
                    }
                  }
                />
              </legend>
            </fieldset>
          </div>
        </div>
      </div>
    </div>
    <div
      className="MuiGrid-root MuiGrid-container MuiGrid-spacing-xs-1 MuiGrid-align-items-xs-center"
    >
      <div
        className="MuiGrid-root MuiGrid-item MuiGrid-grid-xs-6"
      >
        <label
          className="MuiFormLabel-root MuiInputLabel-root MuiInputLabel-animated"
          htmlFor="label"
        >
          Interest
        </label>
      </div>
      <div
        className="MuiGrid-root MuiGrid-item MuiGrid-grid-xs-6"
      >
        <div
          className="MuiFormControl-root MuiTextField-root MuiFormControl-fullWidth"
        >
          <div
            className="MuiInputBase-root MuiOutlinedInput-root MuiInputBase-fullWidth MuiInputBase-formControl MuiInputBase-marginDense MuiOutlinedInput-marginDense"
            onClick={[Function]}
          >
            <input
              aria-invalid={false}
              autoFocus={false}
              className="MuiInputBase-input MuiOutlinedInput-input MuiInputBase-inputMarginDense MuiOutlinedInput-inputMarginDense"
              disabled={false}
              id="input"
              onAnimationStart={[Function]}
              onBlur={[Function]}
              onChange={[Function]}
              onFocus={[Function]}
              required={false}
              type="text"
            />
            <fieldset
              aria-hidden={true}
              className="PrivateNotchedOutline-root-1 MuiOutlinedInput-notchedOutline"
              style={
                Object {
                  "paddingLeft": 8,
                }
              }
            >
              <legend
                className="PrivateNotchedOutline-legend-2"
                style={
                  Object {
                    "width": 0.01,
                  }
                }
              >
                <span
                  dangerouslySetInnerHTML={
                    Object {
                      "__html": "&#8203;",
                    }
                  }
                />
              </legend>
            </fieldset>
          </div>
        </div>
      </div>
    </div>
    <div
      className="MuiGrid-root MuiGrid-container MuiGrid-spacing-xs-1 MuiGrid-align-items-xs-center"
    >
      <div
        className="MuiGrid-root MuiGrid-item MuiGrid-grid-xs-6"
      >
        <label
          className="MuiFormLabel-root MuiInputLabel-root MuiInputLabel-animated"
        >
          Age Range
        </label>
      </div>
      <div
        className="MuiGrid-root MuiGrid-item MuiGrid-grid-xs-6"
      >
        <span
          className="MuiSlider-root MuiSlider-colorPrimary"
          onMouseDown={[Function]}
        >
          <span
            className="MuiSlider-rail"
          />
          <span
            className="MuiSlider-track"
            style={
              Object {
                "left": "20%",
                "width": "17%",
              }
            }
          />
          <input
            type="hidden"
            value="20,37"
          />
          <span
            aria-labelledby="range-slider"
            aria-orientation="horizontal"
            aria-valuemax={100}
            aria-valuemin={0}
            aria-valuenow={20}
            aria-valuetext="20Â°C"
            className="MuiSlider-thumb MuiSlider-thumbColorPrimary PrivateValueLabel-thumb-5"
            data-index={0}
            onBlur={[Function]}
            onFocus={[Function]}
            onKeyDown={[Function]}
            onMouseLeave={[Function]}
            onMouseOver={[Function]}
            role="slider"
            style={
              Object {
                "left": "20%",
              }
            }
            tabIndex={0}
          >
            <span
              className="PrivateValueLabel-offset-7 MuiSlider-valueLabel"
            >
              <span
                className="PrivateValueLabel-circle-8"
              >
                <span
                  className="PrivateValueLabel-label-9"
                >
                  20
                </span>
              </span>
            </span>
          </span>
          <span
            aria-labelledby="range-slider"
            aria-orientation="horizontal"
            aria-valuemax={100}
            aria-valuemin={0}
            aria-valuenow={37}
            aria-valuetext="37Â°C"
            className="MuiSlider-thumb MuiSlider-thumbColorPrimary PrivateValueLabel-thumb-5"
            data-index={1}
            onBlur={[Function]}
            onFocus={[Function]}
            onKeyDown={[Function]}
            onMouseLeave={[Function]}
            onMouseOver={[Function]}
            role="slider"
            style={
              Object {
                "left": "37%",
              }
            }
            tabIndex={0}
          >
            <span
              className="PrivateValueLabel-offset-7 MuiSlider-valueLabel"
            >
              <span
                className="PrivateValueLabel-circle-8"
              >
                <span
                  className="PrivateValueLabel-label-9"
                >
                  37
                </span>
              </span>
            </span>
          </span>
        </span>
      </div>
    </div>
    <div
      className="MuiGrid-root MuiGrid-container MuiGrid-spacing-xs-1 MuiGrid-align-items-xs-center"
    >
      <div
        className="MuiGrid-root MuiGrid-item MuiGrid-grid-xs-6"
      >
        <label
          className="MuiFormLabel-root MuiInputLabel-root MuiInputLabel-animated"
        >
          Max Distance
        </label>
      </div>
      <div
        className="MuiGrid-root MuiGrid-item MuiGrid-grid-xs-6"
      >
        <span
          className="MuiSlider-root MuiSlider-colorPrimary"
          onMouseDown={[Function]}
        >
          <span
            className="MuiSlider-rail"
          />
          <span
            className="MuiSlider-track"
            style={
              Object {
                "left": "20%",
                "width": "17%",
              }
            }
          />
          <input
            type="hidden"
            value="20,37"
          />
          <span
            aria-labelledby="range-slider"
            aria-orientation="horizontal"
            aria-valuemax={100}
            aria-valuemin={0}
            aria-valuenow={20}
            aria-valuetext="20Â°C"
            className="MuiSlider-thumb MuiSlider-thumbColorPrimary PrivateValueLabel-thumb-5"
            data-index={0}
            onBlur={[Function]}
            onFocus={[Function]}
            onKeyDown={[Function]}
            onMouseLeave={[Function]}
            onMouseOver={[Function]}
            role="slider"
            style={
              Object {
                "left": "20%",
              }
            }
            tabIndex={0}
          >
            <span
              className="PrivateValueLabel-offset-7 MuiSlider-valueLabel"
            >
              <span
                className="PrivateValueLabel-circle-8"
              >
                <span
                  className="PrivateValueLabel-label-9"
                >
                  20
                </span>
              </span>
            </span>
          </span>
          <span
            aria-labelledby="range-slider"
            aria-orientation="horizontal"
            aria-valuemax={100}
            aria-valuemin={0}
            aria-valuenow={37}
            aria-valuetext="37Â°C"
            className="MuiSlider-thumb MuiSlider-thumbColorPrimary PrivateValueLabel-thumb-5"
            data-index={1}
            onBlur={[Function]}
            onFocus={[Function]}
            onKeyDown={[Function]}
            onMouseLeave={[Function]}
            onMouseOver={[Function]}
            role="slider"
            style={
              Object {
                "left": "37%",
              }
            }
            tabIndex={0}
          >
            <span
              className="PrivateValueLabel-offset-7 MuiSlider-valueLabel"
            >
              <span
                className="PrivateValueLabel-circle-8"
              >
                <span
                  className="PrivateValueLabel-label-9"
                >
                  37
                </span>
              </span>
            </span>
          </span>
        </span>
      </div>
    </div>
    <div
      className="MuiGrid-root MuiGrid-container MuiGrid-spacing-xs-1 MuiGrid-align-items-xs-center"
    >
      <button
        className="MuiButtonBase-root MuiButton-root MuiButton-text"
        disabled={false}
        onBlur={[Function]}
        onDragLeave={[Function]}
        onFocus={[Function]}
        onKeyDown={[Function]}
        onKeyUp={[Function]}
        onMouseDown={[Function]}
        onMouseLeave={[Function]}
        onMouseUp={[Function]}
        onTouchEnd={[Function]}
        onTouchMove={[Function]}
        onTouchStart={[Function]}
        tabIndex={0}
        type="button"
      >
        <span
          className="MuiButton-label"
        >
          CREATE ACCOUNT
        </span>
      </button>
      <button
        className="MuiButtonBase-root MuiButton-root MuiButton-outlined"
        disabled={false}
        onBlur={[Function]}
        onDragLeave={[Function]}
        onFocus={[Function]}
        onKeyDown={[Function]}
        onKeyUp={[Function]}
        onMouseDown={[Function]}
        onMouseLeave={[Function]}
        onMouseUp={[Function]}
        onTouchEnd={[Function]}
        onTouchMove={[Function]}
        onTouchStart={[Function]}
        tabIndex={0}
        type="button"
      >
        <span
          className="MuiButton-label"
        >
          CANCEL
        </span>
      </button>
    </div>
  </div>
  <div
    className="MuiGrid-root MuiGrid-container MuiGrid-spacing-xs-1 MuiGrid-item MuiGrid-grid-xs-4"
  />
</div>
`;
